[{"id":24679593,"name":"hashspace","size":12887,"html_url":"https://github.com/flongo/hashspace"},{"id":4817958,"name":"ariatemplates","size":9416,"html_url":"https://github.com/flongo/ariatemplates"},{"id":12646885,"name":"editor-backend","size":3736,"html_url":"https://github.com/flongo/editor-backend"},{"id":14491427,"name":"editor-frontend-eclipse","size":3682,"html_url":"https://github.com/flongo/editor-frontend-eclipse"},{"id":14747619,"name":"documentation-code","size":3036,"html_url":"https://github.com/flongo/documentation-code"}]