[{"id":7151214,"name":"ariatemplates","size":5706,"html_url":"https://github.com/MatthieuDadou/ariatemplates"},{"id":10991085,"name":"documentation-code","size":1584,"html_url":"https://github.com/MatthieuDadou/documentation-code"},{"id":10992591,"name":"usermanual","size":1123,"html_url":"https://github.com/MatthieuDadou/usermanual"}]