{"message":"The service is currently unavailable"}